// Jest Snapshot v1, https://goo.gl/fbAQLP

exports[`CountDown snapshot testing 1`] = `
Array [
  <h1
    className="Title"
  >
    yumble
  </h1>,
  <div
    className="MakeCentre"
  >
    <div>
      <div
        className="StartTitle"
      />
    </div>
  </div>,
  <button
    className="SmallBtn"
    id="HelpButton"
    onClick={[Function]}
  >
    help?
  </button>,
  "",
  <div
    id="dummyMap"
    style={
      Object {
        "visibility": "hidden",
      }
    }
  />,
]
`;
